### Step 2A
/c/Users/Admin

### Step 2B
cd /c/Users/Admin/OneDrive/Desktop

### Step 2C
cd unit1-git-practice

### Step 2D
/c/Users/Admin/OneDrive/Desktop/unit1-git-practice

### Step 2E
ls

### Step 2F
my-steps.txt

### Step 2G
cd /c/

### Step 2H
/c


### Step 2I
'$Recycle.Bin'/  'Documents and Settings'@   Intel/         'Program Files'/         Recovery/                     Windows/       pagefile.sys
'$WinREAgent'/    DumpStack.log.tmp          OneDriveTemp/  'Program Files (x86)'/  'System Volume Information'/   bootTel.dat    swapfile.sys
 Config.Msi/      EsriPress/                 PerfLogs/       ProgramData/            Users/                        hiberfil.sys



### Step 2J
cd ~

### Step 2K

cd OneDrive/Desktop/unit1-git-practice


### Step 3A
mkdir "veggies" "meats" "desserts"

### Step 3B
mv desserts sweets

### Step 3C
mkdir proteins

### Step 3D
mv meats proteins

### Step 3E
cd veggies
touch carrot.txt pea.txt

### Step 3F
cd ..
cd sweets
touch cookie.txt

### Step 3G
mv cookie.txt donut.txt

### Step 3H
cd ..
touch thing.txt

### Step 3I
cp thing.txt tofu.txt

### Step 3J
mv tofu.txt proteins

### Step 3K
cp thing.txt crab.txt
mv crab.txt proteins
cd proteins
mv crab.txt meats

### Step 3L
rm thing.txt

### Step 3M
cp -r veggies plants

### Step 3N
mkdir drinks
rm -r drinks

### Step 4
$ git init
Initialized empty Git repository in C:/Users/Admin/OneDrive/Desktop/unit1-git-practice/.git/
$ git add .
$ git commit -m 'first commit'
[master (root-commit) 81664e5] first commit
 8 files changed, 88 insertions(+)
 create mode 100644 my-steps.txt
 create mode 100644 plants/carrot.txt
 create mode 100644 plants/pea.txt
 create mode 100644 proteins/meats/crab.txt
 create mode 100644 proteins/tofu.txt
 create mode 100644 sweets/donut.txt
 create mode 100644 veggies/carrot.txt
 create mode 100644 veggies/pea.txt

### Step 5
$ git remote add origin https://github.com/MMallory17/unit1-git-practice.git
git branch -M main
git push -u origin main
Enumerating objects: 8, done.
Counting objects: 100% (8/8), done.
Delta compression using up to 4 threads
Compressing objects: 100% (5/5), done.
Writing objects: 100% (8/8), 669 bytes | 669.00 KiB/s, done.
Total 8 (delta 0), reused 0 (delta 0), pack-reused 0 (from 0)
To https://github.com/MMallory17/unit1-git-practice.git
 * [new branch]      main -> main
branch 'main' set up to track 'origin/main'.


### Step 6
$ git status
On branch main
Your branch is up to date with 'origin/main'.

Untracked files:
  (use "git add <file>..." to include in what will be committed)
        menu.txt
$ git add .
$ git commit -m 'starting a menu'
[main 2f6a1c3] starting a menu
 1 file changed, 0 insertions(+), 0 deletions(-)
 create mode 100644 menu.txt

nothing added to commit but untracked files present (use "git add" to track)
$ git push
Enumerating objects: 4, done.
Counting objects: 100% (4/4), done.
Delta compression using up to 4 threads
Compressing objects: 100% (2/2), done.
Writing objects: 100% (3/3), 273 bytes | 273.00 KiB/s, done.
Total 3 (delta 1), reused 0 (delta 0), pack-reused 0 (from 0)
remote: Resolving deltas: 100% (1/1), completed with 1 local object.
To https://github.com/MMallory17/unit1-git-practice.git
   81664e5..2f6a1c3  main -> main


### Step 7
*** DO NOT RECORD STEP 7 ***